main(): Setting data_dir to "./data".
The value of 'nB_grid_spec' is: 301,10^(i*0.04-12)*2.0
The value of 'Ye_grid_spec' is: 70,0.01*(i+1)
The value of 'T_grid_spec' is: 160,0.1*1.046^i
eos_nuclei::read_results(): Rank 0 reading file ./output/fid_3_5_22.o2
eos_nuclei::read_results(): oth_names: Xd Xt XHe3 XLi4 flag log_xn log_xp A_min A_max NmZ_min NmZ_max
eos_nuclei::read_results(): oth_units:           
eos_nuclei::read_results(): n_oth, oth_names.size(), oth_units.size(): 11 11 11
Object Ymu of type tensor_grid not found in oth_names.
eos_nuclei::read_results():
  model string: 0 470 738 13 0.5 32.799999999999997 62.399999999999999 0.90000000000000002
eos_nuclei::read_results():
  selecting model: 0 470 738 13 0.5 32.799999999999997 62.399999999999999 0.90000000000000002
eos::ns_fit():
  ns_fit_parms[0]=-6.102748e+03;
  ns_fit_parms[1]=3.053497e+03;
  ns_fit_parms[2]=4.662834e+03;
  ns_fit_parms[3]=-8.371958e+02;
  ns_fit_parms[4]=-5.228209e+02;
eos::ns_fit(): Adjusting ns_nb_max from 9.984206e-01 to 8.823072e-01.
eos::select_common(): Going to beta-eq test.
eos::select_common(): Setting e_nuc_last, p_nuc_last, nuc_nb_max:
  3.454216e+00 6.734804e+00 1.430000e+00
eos::select_common(): c0,c1,c2,min_cs2,max_cs2
  0.000000e+00 1.000000e+00 1.000000e+01 1.740759e-02 1.174873e+00
eos_nuclei::read_results(): Rank 0 done reading file.
ext_grid_matches: 1
log_xn at (nB = 6.039903e-02, Ye = 4.000000e-01, T = 4.179553e+00) is: -1.899020e+00
log_xp at (nB = 6.039903e-02, Ye = 4.000000e-01, T = 4.179553e+00) is: -3.101126e+00
eos_nuclei::generate_table(): No data. Creating new table.
eos_nuclei::new_table(): Beginning new table.
nB= 2.000000e-02
DEBUG3: Calling eos_vary_dist() for nB = 2.000000e-02, Ye = 5.100000e-01, T = 1.850752e-02 MeV, log_xn = -2.500000e+00, log_xp = -1.640000e+00
DEBUG: Calling eos_fixed_dist with nB=2.000000e-02 Ye=5.100000e-01 T=1.850752e-02 A_min=5 A_max=600 NmZ_min=-200 NmZ_max=200 log_xn=-2.500000e+00 log_xp=-1.640000e+00
fields_1.000000e+00 1.000000e+00 1.000000e+00
debug1: Before calling msolve(), nB=2.000000e-02, Ye=5.100000e-01, T=1.850752e-02, log_xn=-2.500000e+00, log_xp=-1.640000e+00, A_min=5, A_max=600, NmZ_min=-200, NmZ_max=200
debug1: After calling msolve(), nB=2.000000e-02, Ye=5.100000e-01, T=1.850752e-02, log_xn=-2.500000e+00, log_xp=-1.640000e+00, A_min=5, A_max=600, NmZ_min=-200, NmZ_max=200
fields_1.000000e+00 1.000000e+00 1.000000e+00
debug1: Before calling msolve(), nB=2.000000e-02, Ye=5.100000e-01, T=1.850752e-02, log_xn=-2.662541e+00, log_xp=-1.636490e+00, A_min=5, A_max=600, NmZ_min=-200, NmZ_max=200
debug1: After calling msolve(), nB=2.000000e-02, Ye=5.100000e-01, T=1.850752e-02, log_xn=-2.662541e+00, log_xp=-1.636490e+00, A_min=5, A_max=600, NmZ_min=-200, NmZ_max=200
DEBUG3: Return eos_vary_dist() for nB = 2.000000e-02, Ye = 5.100000e-01, T = 1.850752e-02 MeV, log_xn = -2.662541e+00, log_xp = -1.636490e+00
eos_nuclei::generate_table(): Ye_list: 0 1 2 3 4 5 6 7 8 9 10 11 12 13 14 15
16 17 18 19 20 21 22 23 24 25 26 27 28 29 30 31 32 33 34 35 36 37 38 39 40 41
42 43 44 45 46 47 48 49 50 51 52 53 54 55 56 57 58 59 60 61 62 63 64 65 66 67
68 69
eos_nuclei::generate_table(): Rank 0  tasks 3371199
eos_nuclei::generate_table(): Computing 0 / 3371199  ( 0 , 0 , 0 ) -> ( 0 , 0 , 0 )
  nB,Ye,T[MeV]: 2.000000e-12  1.000000e-02  1.000000e-01
DEBUG9: Calling eos_vary_dist() for nB = 2.000000e-12, Ye = 1.000000e-02, T = 5.067731e-04 MeV, log_xn = -1.288877e-02, log_xp = -8.134170e+01
DEBUG: Calling eos_fixed_dist with nB=2.000000e-12 Ye=1.000000e-02 T=5.067731e-04 A_min=5 A_max=600 NmZ_min=-200 NmZ_max=200 log_xn=-1.288877e-02 log_xp=-8.134170e+01
fields_1.000000e+00 1.000000e+00 1.000000e+00
debug1: Before calling msolve(), nB=2.000000e-12, Ye=1.000000e-02, T=5.067731e-04, log_xn=-1.288877e-02, log_xp=-8.134170e+01, A_min=5, A_max=600, NmZ_min=-200, NmZ_max=200
terminate called after throwing an instance of 'o2scl::exc_runtime_error'
  what():  Error esing in file ...scl/include/o2scl/jacobian.h at line 333.
  Row 1 of the Jacobian is zero in jacobian_gsl::operator().
[isospin:190397] *** Process received signal ***
[isospin:190397] Signal: Aborted (6)
[isospin:190397] Signal code:  (-6)
[isospin:190397] [ 0] /lib/x86_64-linux-gnu/libc.so.6(+0x45330)[0x741a04c45330]
[isospin:190397] [ 1] /lib/x86_64-linux-gnu/libc.so.6(pthread_kill+0x11c)[0x741a04c9eb2c]
[isospin:190397] [ 2] /lib/x86_64-linux-gnu/libc.so.6(gsignal+0x1e)[0x741a04c4527e]
[isospin:190397] [ 3] /lib/x86_64-linux-gnu/libc.so.6(abort+0xdf)[0x741a04c288ff]
[isospin:190397] [ 4] /lib/x86_64-linux-gnu/libstdc++.so.6(+0xa5ff5)[0x741a050a5ff5]
[isospin:190397] [ 5] /lib/x86_64-linux-gnu/libstdc++.so.6(+0xbb0da)[0x741a050bb0da]
[isospin:190397] [ 6] /lib/x86_64-linux-gnu/libstdc++.so.6(_ZSt10unexpectedv+0x0)[0x741a050a5a55]
[isospin:190397] [ 7] /lib/x86_64-linux-gnu/libstdc++.so.6(+0xbb391)[0x741a050bb391]
[isospin:190397] [ 8] /home/dkundu/o2scl/lib/libo2scl.so.0(_ZN5o2scl11err_hnd_cpp3setEPKcS2_ii+0x312)[0x741a06139e22]
[isospin:190397] [ 9] ./eos_nuclei(_ZN5o2scl12jacobian_gslISt8functionIFimRKN5boost7numeric5ublas6vectorIdNS4_15unbounded_arrayIdSaIdEEEEERS9_EES9_NS4_6matrixIdNS4_15basic_row_majorImlEES8_EEEclEmSC_mSC_RSI_+0x63f)[0x631ad9fd442f]
[isospin:190397] [10] ./eos_nuclei(_ZN5o2scl13mroot_hybridsISt8functionIFimRKN5boost7numeric5ublas6vectorIdNS4_15unbounded_arrayIdSaIdEEEEERS9_EES9_NS4_6matrixIdNS4_15basic_row_majorImlEES8_EES1_IFimSC_mSC_RSI_EEE7iterateEv+0xcfa)[0x631ad9fd5d6a]
[isospin:190397] [11] ./eos_nuclei(_ZN5o2scl13mroot_hybridsISt8functionIFimRKN5boost7numeric5ublas6vectorIdNS4_15unbounded_arrayIdSaIdEEEEERS9_EES9_NS4_6matrixIdNS4_15basic_row_majorImlEES8_EES1_IFimSC_mSC_RSI_EEE9solve_setEmSC_RSE_+0x46)[0x631ad9fd7e26]
[isospin:190397] [12] ./eos_nuclei(_ZN5o2scl13mroot_hybridsISt8functionIFimRKN5boost7numeric5ublas6vectorIdNS4_15unbounded_arrayIdSaIdEEEEERS9_EES9_NS4_6matrixIdNS4_15basic_row_majorImlEES8_EES1_IFimSC_mSC_RSI_EEE6msolveEmSC_RSE_+0x83)[0x631ad9fc99d3]
[isospin:190397] [13] /home/dkundu/o2scl/lib/libo2scl.so.0(_ZN5o2scl11eos_had_rmf11calc_temp_eERNS_10fermion_tlIdEES3_dRNS_9thermo_tlIdEE+0xe86)[0x741a0620d934]
[isospin:190397] [14] ./eos_nuclei(+0x95d59)[0x631ad9f4cd59]
[isospin:190397] [15] ./eos_nuclei(+0x1d8611)[0x631ada08f611]
[isospin:190397] [16] ./eos_nuclei(+0x20eb97)[0x631ada0c5b97]
[isospin:190397] [17] ./eos_nuclei(+0x1ac7d7)[0x631ada0637d7]
[isospin:190397] [18] ./eos_nuclei(+0x1e8061)[0x631ada09f061]
[isospin:190397] [19] ./eos_nuclei(+0x1f07aa)[0x631ada0a77aa]
[isospin:190397] [20] ./eos_nuclei(+0x20939e)[0x631ada0c039e]
[isospin:190397] [21] /home/dkundu/o2scl/lib/libo2scl.so.0(_ZN5o2scl3cli9call_argsERSt6vectorINS_12cmd_line_argESaIS2_EEi+0x2c8)[0x741a0669c0bc]
[isospin:190397] [22] /home/dkundu/o2scl/lib/libo2scl.so.0(_ZN5o2scl3cli8run_autoEiPPci+0x196)[0x741a066a2486]
[isospin:190397] [23] ./eos_nuclei(+0x7b250)[0x631ad9f32250]
[isospin:190397] [24] /lib/x86_64-linux-gnu/libc.so.6(+0x2a1ca)[0x741a04c2a1ca]
[isospin:190397] [25] /lib/x86_64-linux-gnu/libc.so.6(__libc_start_main+0x8b)[0x741a04c2a28b]
[isospin:190397] [26] ./eos_nuclei(+0x80d45)[0x631ad9f37d45]
[isospin:190397] *** End of error message ***
